/data/backport/linux/115/pc-patch//drivers/acpi/nfit.c:13:10: fatal error: 'linux/list_sort.h' file not found
#include <linux/list_sort.h>
         ^~~~~~~~~~~~~~~~~~~
1 error generated.
Crash during evaluate code slices, after 0.791 minutes.
Transformation Failed
'const u32'
Unexpected error during evaluate code slices.
Runtime Error
Error. Exiting...
Traceback (most recent call last):
  File "/FixMorph/app/phases/evolution.py", line 19, in safe_exec
    result = function_def()
  File "/FixMorph/app/phases/evolution.py", line 100, in evolve_code
    ast_tree_global_c
  File "/FixMorph/app/tools/evolver.py", line 296, in evolve_code
    var_map
  File "/FixMorph/app/tools/identifier.py", line 452, in identify_missing_data_types
    ast_node = type_def_node_list_b[identifier]
KeyError: 'const u32'

During handling of the above exception, another exception occurred:

Traceback (most recent call last):
  File "/FixMorph/app/main.py", line 184, in main
    run(sys.argv[1:])
  File "/FixMorph/app/main.py", line 152, in run
    evolution.start()
  File "/FixMorph/app/phases/evolution.py", line 158, in start
    safe_exec(evolve_code, "evaluate code slices")
  File "/FixMorph/app/phases/evolution.py", line 27, in safe_exec
    error_exit(exception, "Unexpected error during " + description + ".")
  File "/FixMorph/app/common/utilities.py", line 83, in error_exit
    raise Exception("Error. Exiting...")
Exception: Error. Exiting...

FixMorph exited with an error after 16.211 minutes

