Transformation Failed
MACRO REQUIRED MULTIPLE TIMES!!
Crash during evolve function definitions, after 0.197 minutes.
Transformation Failed
Error. Exiting...
Unexpected error during evolve function definitions.
Runtime Error
Error. Exiting...
Traceback (most recent call last):
  File "/FixMorph/app/phases/evolution.py", line 19, in safe_exec
    result = function_def()
  File "/FixMorph/app/phases/evolution.py", line 49, in evolve_functions
    values.DEFAULT_TRANSPLANT_DEPTH)
  File "/FixMorph/app/tools/evolver.py", line 174, in evolve_functions
    target_path)
  File "/FixMorph/app/tools/identifier.py", line 615, in identify_missing_macros_in_func
    error_exit("MACRO REQUIRED MULTIPLE TIMES!!")
  File "/FixMorph/app/common/utilities.py", line 84, in error_exit
    raise Exception("Error. Exiting...")
Exception: Error. Exiting...

During handling of the above exception, another exception occurred:

Traceback (most recent call last):
  File "/FixMorph/app/main.py", line 184, in main
    run(sys.argv[1:])
  File "/FixMorph/app/main.py", line 154, in run
    evolution.start()
  File "/FixMorph/app/phases/evolution.py", line 161, in start
    safe_exec(evolve_functions, "evolve function definitions")
  File "/FixMorph/app/phases/evolution.py", line 27, in safe_exec
    error_exit(exception, "Unexpected error during " + description + ".")
  File "/FixMorph/app/common/utilities.py", line 84, in error_exit
    raise Exception("Error. Exiting...")
Exception: Error. Exiting...

FixMorph exited with an error after 20.633 minutes

